// Jest Snapshot v1, https://goo.gl/fbAQLP

exports[`<SearchInput /> should match snapshot 1`] = `
<input
  className="sc-bdfBwQ kDyVWm"
  onBlur={[Function]}
  onFocus={[Function]}
/>
`;
