// Jest Snapshot v1, https://goo.gl/fbAQLP

exports[`<Paragraph /> should match snapshot 1`] = `
<div
  className="sc-bdfBwQ gDhytj"
>
  test
</div>
`;
