// Jest Snapshot v1, https://goo.gl/fbAQLP

exports[`<CloseIconButton /> should match snapshot 1`] = `
<button
  className="sc-bdfBwQ byoPcS"
  onClick={[MockFunction]}
>
  <svg
    className="sc-gsTCUz iynNxB"
  >
    chevron-down.svg
  </svg>
</button>
`;
