// Jest Snapshot v1, https://goo.gl/fbAQLP

exports[`<SearchInput /> should match snapshot 1`] = `
<input
  className="sc-bdfBwQ ebCodQ"
  onBlur={[Function]}
  onChange={[MockFunction]}
  onFocus={[Function]}
  value="123"
/>
`;
