// Jest Snapshot v1, https://goo.gl/fbAQLP

exports[`<MotionParagraph /> should match snapshot 1`] = `
<p
  className="sc-bdfBwQ kMVXxV"
  style={Object {}}
>
  Texty text
</p>
`;
