// Jest Snapshot v1, https://goo.gl/fbAQLP

exports[`<Heading /> should match snapshot 1`] = `
<h1
  className="sc-bdfBwQ gdNazK"
  color="green"
  fontSize={16}
  fontWeight={700}
>
  test
</h1>
`;
