// Jest Snapshot v1, https://goo.gl/fbAQLP

exports[`<TimeBox /> should match snapshot 1`] = `
<div
  className="sc-gKsewC fJFOVJ"
>
  <h1
    className="sc-bdfBwQ UZuHf"
    color="#FFFFFF"
    fontSize={18}
    fontWeight={500}
  >
    Title
  </h1>
</div>
`;
